// Jest Snapshot v1, https://goo.gl/fbAQLP

exports[`triplers search query without any parameters 1`] = `
"
    match (node:Tripler) where node.zip starts with left(12345, 3)
    with node, null as first_n_q, null as last_n_q
    where
      not ()-[:CLAIMS]->(node)
      and not ()-[:WAS_ONCE]->(node)
      
      
      
      
      and node.zip starts with left(12345, 3)
    with node, first_n_q, last_n_q
    match (a:Ambassador {id: \\"123\\"})
    with
      node, a.location as a_location,
      
    0 as score1, 0 as score2, 0 as score3
  
    with
      node, (score1 + score2 + score3) / 3 as avg_score,
      distance(a_location, node.location) / 10000 as distance
    with
      node, avg_score + (1 / distance) * \\"undefined\\" as final_score 
    return node, distance, avg_score, final_score
    order by final_score desc, node.full_name asc
    limit 100
  "
`;
